Script started on Tue Apr 11 09:52:11 2017
cd s	cr	
[?1034h~/Projects WDI/game-project-wdi/assets (master)
$ cd scripts/
~/Projects WDI/game-project-wdi/assets/scripts (master)
$ ls
config.js	example.js	index.js	store.js	templates
~/Projects WDI/game-project-wdi/assets/scripts (master)
$ cd ../..
~/Projects WDI/game-project-wdi (master)
$ ls
CONTRIBUTING.md	README.md	favicon.ico	index.html	node_modules
Gruntfile.js	STYLE.md	forms.md	index.js	package.json
LICENSE		assets		grunt		lib		spec
~/Projects WDI/game-project-wdi (master)
$ cd lib
~/Projects WDI/game-project-wdi/lib (master)
$ ls
add-nested-value.js	parse-nested-query.js
get-form-fields.js	set-api-origin.js
~/Projects WDI/game-project-wdi/lib (master)
$ cd ..
~/Projects WDI/game-project-wdi (master)
$ gt[Krunt e[Kdeploy
[4mRunning "shell:git-is-clean" (shell) task[24m
On branch master
Your branch is up-to-date with 'origin/master'.
Untracked files:
  (use "git add <file>..." to include in what will be committed)

	assets/typescript

nothing added to commit but untracked files present (use "git add" to track)
[33mWarning: Command failed: test -z "$(git status --porcelain)"  || (git status && false)
 Use --force to continue.[39m

[31mAborted due to warnings.[39m


[4mExecution Time[24m[90m (2017-04-11 09:54:11 UTC-4)[39m
loading tasks         [34m8s[39m  [34m▇▇▇▇▇▇▇▇▇▇▇▇▇▇▇▇▇▇▇▇▇▇▇▇▇▇▇▇▇▇▇▇▇▇▇▇▇▇▇▇▇▇ 99%[39m
shell:git-is-clean  [34m85ms[39m  [34m▇ 1%[39m
[35mTotal 8.1s[39m

~/Projects WDI/game-project-wdi (master)
$ git status
On branch master
Your branch is up-to-date with 'origin/master'.
Untracked files:
  (use "git add <file>..." to include in what will be committed)

	[31massets/typescript[m

nothing added to commit but untracked files present (use "git add" to track)
~/Projects WDI/game-project-wdi (master)
$ git add asswt[K[Kets/typescript
~/Projects WDI/game-project-wdi (master)
$ git status
On branch master
Your branch is up-to-date with 'origin/master'.
Changes to be committed:
  (use "git reset HEAD <file>..." to unstage)

	[32mnew file:   assets/typescript[m

~/Projects WDI/game-project-wdi (master)
$ h[Kgit commit
[master c36c499] Add typescript to master branch
 1 file changed, 46 insertions(+)
 create mode 100644 assets/typescript
~/Projects WDI/game-project-wdi (master)
$ git commitstatusadd assets/typescript[C[C[C[C[C[Cstatus[K[C[C[Crunt deploy
[4mRunning "shell:git-is-clean" (shell) task[24m
On branch master
Your branch is ahead of 'origin/master' by 1 commit.
  (use "git push" to publish your local commits)
Changes not staged for commit:
  (use "git add <file>..." to update what will be committed)
  (use "git checkout -- <file>..." to discard changes in working directory)

	modified:   assets/typescript

no changes added to commit (use "git add" and/or "git commit -a")
[33mWarning: Command failed: test -z "$(git status --porcelain)"  || (git status && false)
 Use --force to continue.[39m

[31mAborted due to warnings.[39m


[4mExecution Time[24m[90m (2017-04-11 09:55:53 UTC-4)[39m
loading tasks        [34m6.8s[39m  [34m▇▇▇▇▇▇▇▇▇▇▇▇▇▇▇▇▇▇▇▇▇▇▇▇▇▇▇▇▇▇▇▇▇▇▇▇▇▇▇▇▇▇ 98%[39m
shell:git-is-clean  [34m118ms[39m  [34m▇ 2%[39m
[35mTotal 7s[39m

~/Projects WDI/game-project-wdi (master)
$ git push origin master
Counting objects: 4, done.
Delta compression using up to 4 threads.
Compressing objects:  25% (1/4)   Compressing objects:  50% (2/4)   Compressing objects:  75% (3/4)   Compressing objects: 100% (4/4)   Compressing objects: 100% (4/4), done.
Writing objects:  25% (1/4)   Writing objects:  50% (2/4)   Writing objects:  75% (3/4)   Writing objects: 100% (4/4)   Writing objects: 100% (4/4), 1.09 KiB | 0 bytes/s, done.
Total 4 (delta 1), reused 0 (delta 0)
remote: Resolving deltas:   0% (0/1)   [Kremote: Resolving deltas: 100% (1/1)   [Kremote: Resolving deltas: 100% (1/1), completed with 1 local objects.[K
To github.com:jbeltrami/game-project-wdi.git
   cb9d0f0..c36c499  master -> master
~/Projects WDI/game-project-wdi (master)
$ grunt depo[Kloy
[4mRunning "shell:git-is-clean" (shell) task[24m
On branch master
Your branch is up-to-date with 'origin/master'.
Changes not staged for commit:
  (use "git add <file>..." to update what will be committed)
  (use "git checkout -- <file>..." to discard changes in working directory)

	modified:   assets/typescript

no changes added to commit (use "git add" and/or "git commit -a")
[33mWarning: Command failed: test -z "$(git status --porcelain)"  || (git status && false)
 Use --force to continue.[39m

[31mAborted due to warnings.[39m


[4mExecution Time[24m[90m (2017-04-11 09:57:38 UTC-4)[39m
loading tasks       [34m1.8s[39m  [34m▇▇▇▇▇▇▇▇▇▇▇▇▇▇▇▇▇▇▇▇▇▇▇▇▇▇▇▇▇▇▇▇▇▇▇▇▇▇▇▇▇ 96%[39m
shell:git-is-clean  [34m65ms[39m  [34m▇▇ 4%[39m
[35mTotal 1.9s[39m

~/Projects WDI/game-project-wdi (master)
$ git status
On branch master
Your branch is up-to-date with 'origin/master'.
Changes not staged for commit:
  (use "git add <file>..." to update what will be committed)
  (use "git checkout -- <file>..." to discard changes in working directory)

	[31mmodified:   assets/typescript[m

no changes added to commit (use "git add" and/or "git commit -a")
~/Projects WDI/game-project-wdi (master)
$ git add assets/typescrit[Kpt